True
True
True
True
True
[Plotdoz] learning_curve guardado en: ../tests/out_autoencoder_curve.svg
../tests/out_autoencoder_curve.svg
[Plotdoz] scatter_classes guardado en: ../tests/out_autoencoder_latent.svg
../tests/out_autoencoder_latent.svg
[Plotdoz] heatmap guardado en: ../tests/out_autoencoder_heatmap.svg
../tests/out_autoencoder_heatmap.svg
Autoencoder ok
